Puzzle is invalid:
[0;33m0 [0m[0;33m0 [0m[0;31m3<[0m| [0;33m0 [0m[0;32m2 [0m[0;33m0 [0m| [0;32m6 [0m[0;33m0 [0m[0;33m0[0m
[0;32m9 [0m[0;33m0 [0m[0;31m3<[0m| [0;31m3<[0m[0;33m0 [0m[0;32m5 [0m| [0;33m0 [0m[0;33m0 [0m[0;32m1[0m
[0;33m0 [0m[0;33m0 [0m[0;32m1 [0m| [0;32m8 [0m[0;33m0 [0m[0;32m6 [0m| [0;32m4 [0m[0;33m0 [0m[0;33m0[0m
------+-------+------
[0;33m0 [0m[0;33m0 [0m[0;32m8 [0m| [0;32m1 [0m[0;33m0 [0m[0;32m2 [0m| [0;32m9 [0m[0;33m0 [0m[0;33m0[0m
[0;32m7 [0m[0;33m0 [0m[0;33m0 [0m| [0;33m0 [0m[0;33m0 [0m[0;33m0 [0m| [0;33m0 [0m[0;33m0 [0m[0;32m8[0m
[0;33m0 [0m[0;33m0 [0m[0;32m6 [0m| [0;32m7 [0m[0;33m0 [0m[0;32m8 [0m| [0;32m2 [0m[0;33m0 [0m[0;33m0[0m
------+-------+------
[0;33m0 [0m[0;33m0 [0m[0;32m2 [0m| [0;32m6 [0m[0;33m0 [0m[0;32m9 [0m| [0;32m5 [0m[0;33m0 [0m[0;33m0[0m
[0;32m8 [0m[0;33m0 [0m[0;33m0 [0m| [0;32m2 [0m[0;33m0 [0m[0;32m3 [0m| [0;33m0 [0m[0;33m0 [0m[0;32m9[0m
[0;33m0 [0m[0;33m0 [0m[0;32m5 [0m| [0;33m0 [0m[0;32m1 [0m[0;33m0 [0m| [0;32m3 [0m[0;33m0 [0m[0;33m0[0m
