[0;33m0 [0m[0;33m0 [0m[0;33m0 [0m| [0;33m0 [0m[0;33m0 [0m[0;33m0 [0m| [0;33m0 [0m[0;33m0 [0m[0;33m0[0m
[0;33m0 [0m[0;33m0 [0m[0;33m0 [0m| [0;33m0 [0m[0;33m0 [0m[0;33m0 [0m| [0;33m0 [0m[0;33m0 [0m[0;33m0[0m
[0;33m0 [0m[0;33m0 [0m[0;33m0 [0m| [0;33m0 [0m[0;33m0 [0m[0;33m0 [0m| [0;33m0 [0m[0;33m0 [0m[0;33m0[0m
------+-------+------
[0;33m0 [0m[0;33m0 [0m[0;33m0 [0m| [0;33m0 [0m[0;33m0 [0m[0;33m0 [0m| [0;33m0 [0m[0;33m0 [0m[0;33m0[0m
[0;33m0 [0m[0;33m0 [0m[0;33m0 [0m| [0;33m0 [0m[0;33m0 [0m[0;33m0 [0m| [0;33m0 [0m[0;33m0 [0m[0;33m0[0m
[0;33m0 [0m[0;33m0 [0m[0;33m0 [0m| [0;33m0 [0m[0;33m0 [0m[0;33m0 [0m| [0;33m0 [0m[0;33m0 [0m[0;33m0[0m
------+-------+------
[0;33m0 [0m[0;33m0 [0m[0;33m0 [0m| [0;33m0 [0m[0;33m0 [0m[0;33m0 [0m| [0;33m0 [0m[0;33m0 [0m[0;33m0[0m
[0;33m0 [0m[0;33m0 [0m[0;33m0 [0m| [0;33m0 [0m[0;33m0 [0m[0;33m0 [0m| [0;33m0 [0m[0;33m0 [0m[0;33m0[0m
[0;33m0 [0m[0;33m0 [0m[0;33m0 [0m| [0;33m0 [0m[0;33m0 [0m[0;33m0 [0m| [0;33m0 [0m[0;33m0 [0m[0;33m0[0m
