Failed to parse line: 123
Failed to parse puzzle from ./tests/cases/incomplete-row1.txt
