Failed to parse line: 123 asd
Failed to parse puzzle from ./tests/cases/incomplete-row2.txt
