[0;31m1<[0m[0;31m2<[0m[0;31m3<[0m| [0;31m1<[0m[0;31m2<[0m[0;31m3<[0m| [0;31m1<[0m[0;31m2<[0m[0;31m3<[0m
[0;31m4<[0m[0;31m5<[0m[0;31m6<[0m| [0;31m4<[0m[0;31m5<[0m[0;31m6<[0m| [0;31m4<[0m[0;31m5<[0m[0;31m6<[0m
[0;31m7<[0m[0;31m8<[0m[0;31m9<[0m| [0;31m7<[0m[0;31m8<[0m[0;31m9<[0m| [0;31m7<[0m[0;31m8<[0m[0;31m9<[0m
------+-------+------
[0;31m1<[0m[0;31m2<[0m[0;31m3<[0m| [0;31m1<[0m[0;31m2<[0m[0;31m3<[0m| [0;31m1<[0m[0;31m2<[0m[0;31m3<[0m
[0;31m4<[0m[0;31m5<[0m[0;31m6<[0m| [0;31m4<[0m[0;31m5<[0m[0;31m6<[0m| [0;31m4<[0m[0;31m5<[0m[0;31m6<[0m
[0;31m7<[0m[0;31m8<[0m[0;31m9<[0m| [0;31m7<[0m[0;31m8<[0m[0;31m9<[0m| [0;31m7<[0m[0;31m8<[0m[0;31m9<[0m
------+-------+------
[0;31m1<[0m[0;31m2<[0m[0;31m3<[0m| [0;31m1<[0m[0;31m2<[0m[0;31m3<[0m| [0;31m1<[0m[0;31m2<[0m[0;31m3<[0m
[0;31m4<[0m[0;31m5<[0m[0;31m6<[0m| [0;31m4<[0m[0;31m5<[0m[0;31m6<[0m| [0;31m4<[0m[0;31m5<[0m[0;31m6<[0m
[0;31m7<[0m[0;31m8<[0m[0;31m9<[0m| [0;31m7<[0m[0;31m8<[0m[0;31m9<[0m| [0;31m7<[0m[0;31m8<[0m[0;31m9<[0m
